2026-08-11 10:02:16.408 [background-preinit] INFO  org.hibernate.validator.internal.util.Version - HV000001: Hibernate Validator 8.0.1.Final
2026-08-11 10:02:16.455 [main] INFO  test - Starting test using Java 21.0.10 with PID 29428 (started by g2026 in C:\Users\g2026\Desktop\mes\java\mes)
2026-08-11 10:02:16.460 [main] INFO  test - The following 1 profile is active: "dev"
2026-08-11 10:02:16.523 [main] DEBUG org.springframework.web.context.support.GenericWebApplicationContext - Refreshing org.springframework.web.context.support.GenericWebApplicationContext@108bdbd8
2026-08-11 10:02:17.710 [main] DEBUG org.mybatis.spring.boot.autoconfigure.MybatisAutoConfiguration - Searching for mappers annotated with @Mapper
2026-08-11 10:02:17.713 [main] DEBUG org.mybatis.spring.boot.autoconfigure.MybatisAutoConfiguration - Using auto-configuration base package 'mes'
2026-08-11 10:02:18.040 [main] DEBUG org.mybatis.spring.mapper.ClassPathMapperScanner - Identified candidate component class: file [C:\Users\g2026\Desktop\mes\java\mes\target\classes\mes\mapper\SysRoleMapper.class]
2026-08-11 10:02:18.040 [main] DEBUG org.mybatis.spring.mapper.ClassPathMapperScanner - Identified candidate component class: file [C:\Users\g2026\Desktop\mes\java\mes\target\classes\mes\mapper\SysUserMapper.class]
2026-08-11 10:02:18.042 [main] DEBUG org.mybatis.spring.mapper.ClassPathMapperScanner - Creating MapperFactoryBean with name 'sysRoleMapper' and 'mes.mapper.SysRoleMapper' mapperInterface
2026-08-11 10:02:18.045 [main] DEBUG org.mybatis.spring.mapper.ClassPathMapperScanner - Creating MapperFactoryBean with name 'sysUserMapper' and 'mes.mapper.SysUserMapper' mapperInterface
2026-08-11 10:02:20.004 [main] DEBUG org.mybatis.spring.SqlSessionFactoryBean - Property 'mapperLocations' was not specified.
2026-08-11 10:02:21.399 [main] DEBUG org.springframework.web.servlet.mvc.method.annotation.RequestMappingHandlerMapping - 4 mappings in 'requestMappingHandlerMapping'
2026-08-11 10:02:21.646 [main] DEBUG org.springframework.web.servlet.handler.SimpleUrlHandlerMapping - Patterns [/webjars/**, /**] in 'resourceHandlerMapping'
2026-08-11 10:02:22.101 [main] DEBUG org.springframework.web.servlet.mvc.method.annotation.RequestMappingHandlerAdapter - ControllerAdvice beans: 0 @ModelAttribute, 0 @InitBinder, 1 RequestBodyAdvice, 1 ResponseBodyAdvice
2026-08-11 10:02:22.160 [main] DEBUG org.springframework.web.servlet.mvc.method.annotation.ExceptionHandlerExceptionResolver - ControllerAdvice beans: 1 @ExceptionHandler, 1 ResponseBodyAdvice
2026-08-11 10:02:22.203 [main] DEBUG org.mybatis.spring.boot.autoconfigure.MybatisAutoConfiguration - Not found configuration for registering mapper bean using @MapperScan, MapperFactoryBean and MapperScannerConfigurer.
2026-08-11 10:02:22.575 [main] INFO  test - Started test in 6.554 seconds (process running for 9.401)
2026-08-11 10:02:23.794 [main] DEBUG org.mybatis.spring.SqlSessionUtils - Creating a new SqlSession
2026-08-11 10:02:23.807 [main] DEBUG org.mybatis.spring.SqlSessionUtils - SqlSession [org.apache.ibatis.session.defaults.DefaultSqlSession@56fc2cea] was not registered for synchronization because synchronization is not active
2026-08-11 10:02:23.855 [main] DEBUG org.mybatis.spring.transaction.SpringManagedTransaction - JDBC Connection [ConnectionProxyImpl{connectedTime=2026-08-11 10:02:19.76, closeCount=0, lastValidateTimeMillis=2026-08-11 10:02:19.762}] will not be managed by Spring
2026-08-11 10:02:24.209 [main] DEBUG org.mybatis.spring.SqlSessionUtils - Closing non transactional SqlSession [org.apache.ibatis.session.defaults.DefaultSqlSession@56fc2cea]
2026-08-11 10:02:24.241 [SpringApplicationShutdownHook] DEBUG org.springframework.web.context.support.GenericWebApplicationContext - Closing org.springframework.web.context.support.GenericWebApplicationContext@108bdbd8, started on Tue Aug 11 10:02:16 CST 2026
2026-08-11 10:04:03.868 [background-preinit] INFO  org.hibernate.validator.internal.util.Version - HV000001: Hibernate Validator 8.0.1.Final
2026-08-11 10:04:03.907 [main] INFO  test - Starting test using Java 21.0.10 with PID 26256 (started by g2026 in C:\Users\g2026\Desktop\mes\java\mes)
2026-08-11 10:04:03.914 [main] INFO  test - The following 1 profile is active: "dev"
2026-08-11 10:04:04.009 [main] DEBUG org.springframework.web.context.support.GenericWebApplicationContext - Refreshing org.springframework.web.context.support.GenericWebApplicationContext@42fcc7e6
2026-08-11 10:04:05.041 [main] DEBUG org.mybatis.spring.boot.autoconfigure.MybatisAutoConfiguration - Searching for mappers annotated with @Mapper
2026-08-11 10:04:05.045 [main] DEBUG org.mybatis.spring.boot.autoconfigure.MybatisAutoConfiguration - Using auto-configuration base package 'mes'
2026-08-11 10:04:05.352 [main] DEBUG org.mybatis.spring.mapper.ClassPathMapperScanner - Identified candidate component class: file [C:\Users\g2026\Desktop\mes\java\mes\target\classes\mes\mapper\SysRoleMapper.class]
2026-08-11 10:04:05.352 [main] DEBUG org.mybatis.spring.mapper.ClassPathMapperScanner - Identified candidate component class: file [C:\Users\g2026\Desktop\mes\java\mes\target\classes\mes\mapper\SysUserMapper.class]
2026-08-11 10:04:05.353 [main] DEBUG org.mybatis.spring.mapper.ClassPathMapperScanner - Creating MapperFactoryBean with name 'sysRoleMapper' and 'mes.mapper.SysRoleMapper' mapperInterface
2026-08-11 10:04:05.355 [main] DEBUG org.mybatis.spring.mapper.ClassPathMapperScanner - Creating MapperFactoryBean with name 'sysUserMapper' and 'mes.mapper.SysUserMapper' mapperInterface
2026-08-11 10:04:07.144 [main] DEBUG org.mybatis.spring.SqlSessionFactoryBean - Property 'mapperLocations' was not specified.
2026-08-11 10:04:08.316 [main] DEBUG org.springframework.web.servlet.mvc.method.annotation.RequestMappingHandlerMapping - 4 mappings in 'requestMappingHandlerMapping'
2026-08-11 10:04:08.546 [main] DEBUG org.springframework.web.servlet.handler.SimpleUrlHandlerMapping - Patterns [/webjars/**, /**] in 'resourceHandlerMapping'
2026-08-11 10:04:09.017 [main] DEBUG org.springframework.web.servlet.mvc.method.annotation.RequestMappingHandlerAdapter - ControllerAdvice beans: 0 @ModelAttribute, 0 @InitBinder, 1 RequestBodyAdvice, 1 ResponseBodyAdvice
2026-08-11 10:04:09.117 [main] DEBUG org.springframework.web.servlet.mvc.method.annotation.ExceptionHandlerExceptionResolver - ControllerAdvice beans: 1 @ExceptionHandler, 1 ResponseBodyAdvice
2026-08-11 10:04:09.180 [main] DEBUG org.mybatis.spring.boot.autoconfigure.MybatisAutoConfiguration - Not found configuration for registering mapper bean using @MapperScan, MapperFactoryBean and MapperScannerConfigurer.
2026-08-11 10:04:09.594 [main] INFO  test - Started test in 6.113 seconds (process running for 8.543)
2026-08-11 10:04:09.594 [SpringApplicationShutdownHook] DEBUG org.springframework.web.context.support.GenericWebApplicationContext - Closing org.springframework.web.context.support.GenericWebApplicationContext@42fcc7e6, started on Tue Aug 11 10:04:04 CST 2026
2026-08-11 10:04:16.389 [background-preinit] INFO  org.hibernate.validator.internal.util.Version - HV000001: Hibernate Validator 8.0.1.Final
2026-08-11 10:04:16.436 [main] INFO  test - Starting test using Java 21.0.10 with PID 22136 (started by g2026 in C:\Users\g2026\Desktop\mes\java\mes)
2026-08-11 10:04:16.441 [main] INFO  test - The following 1 profile is active: "dev"
2026-08-11 10:04:16.519 [main] DEBUG org.springframework.web.context.support.GenericWebApplicationContext - Refreshing org.springframework.web.context.support.GenericWebApplicationContext@7915bca3
2026-08-11 10:04:17.814 [main] DEBUG org.mybatis.spring.boot.autoconfigure.MybatisAutoConfiguration - Searching for mappers annotated with @Mapper
2026-08-11 10:04:17.818 [main] DEBUG org.mybatis.spring.boot.autoconfigure.MybatisAutoConfiguration - Using auto-configuration base package 'mes'
2026-08-11 10:04:18.181 [main] DEBUG org.mybatis.spring.mapper.ClassPathMapperScanner - Identified candidate component class: file [C:\Users\g2026\Desktop\mes\java\mes\target\classes\mes\mapper\SysRoleMapper.class]
2026-08-11 10:04:18.181 [main] DEBUG org.mybatis.spring.mapper.ClassPathMapperScanner - Identified candidate component class: file [C:\Users\g2026\Desktop\mes\java\mes\target\classes\mes\mapper\SysUserMapper.class]
2026-08-11 10:04:18.183 [main] DEBUG org.mybatis.spring.mapper.ClassPathMapperScanner - Creating MapperFactoryBean with name 'sysRoleMapper' and 'mes.mapper.SysRoleMapper' mapperInterface
2026-08-11 10:04:18.186 [main] DEBUG org.mybatis.spring.mapper.ClassPathMapperScanner - Creating MapperFactoryBean with name 'sysUserMapper' and 'mes.mapper.SysUserMapper' mapperInterface
2026-08-11 10:04:20.608 [main] DEBUG org.mybatis.spring.SqlSessionFactoryBean - Property 'mapperLocations' was not specified.
2026-08-11 10:04:22.636 [main] DEBUG org.springframework.web.servlet.mvc.method.annotation.RequestMappingHandlerMapping - 4 mappings in 'requestMappingHandlerMapping'
2026-08-11 10:04:22.945 [main] DEBUG org.springframework.web.servlet.handler.SimpleUrlHandlerMapping - Patterns [/webjars/**, /**] in 'resourceHandlerMapping'
2026-08-11 10:04:23.435 [main] DEBUG org.springframework.web.servlet.mvc.method.annotation.RequestMappingHandlerAdapter - ControllerAdvice beans: 0 @ModelAttribute, 0 @InitBinder, 1 RequestBodyAdvice, 1 ResponseBodyAdvice
2026-08-11 10:04:23.511 [main] DEBUG org.springframework.web.servlet.mvc.method.annotation.ExceptionHandlerExceptionResolver - ControllerAdvice beans: 1 @ExceptionHandler, 1 ResponseBodyAdvice
2026-08-11 10:04:23.557 [main] DEBUG org.mybatis.spring.boot.autoconfigure.MybatisAutoConfiguration - Not found configuration for registering mapper bean using @MapperScan, MapperFactoryBean and MapperScannerConfigurer.
2026-08-11 10:04:23.897 [main] INFO  test - Started test in 7.978 seconds (process running for 11.306)
2026-08-11 10:04:36.057 [main] DEBUG org.mybatis.spring.SqlSessionUtils - Creating a new SqlSession
2026-08-11 10:04:36.116 [main] DEBUG org.mybatis.spring.SqlSessionUtils - SqlSession [org.apache.ibatis.session.defaults.DefaultSqlSession@25cef4b3] was not registered for synchronization because synchronization is not active
2026-08-11 10:04:36.261 [main] DEBUG org.mybatis.spring.transaction.SpringManagedTransaction - JDBC Connection [ConnectionProxyImpl{connectedTime=2026-08-11 10:04:20.182, closeCount=0, lastValidateTimeMillis=2026-08-11 10:04:20.185}] will not be managed by Spring
2026-08-11 10:04:36.952 [main] DEBUG org.mybatis.spring.SqlSessionUtils - Closing non transactional SqlSession [org.apache.ibatis.session.defaults.DefaultSqlSession@25cef4b3]
2026-08-11 10:04:43.417 [SpringApplicationShutdownHook] DEBUG org.springframework.web.context.support.GenericWebApplicationContext - Closing org.springframework.web.context.support.GenericWebApplicationContext@7915bca3, started on Tue Aug 11 10:04:16 CST 2026
2026-08-11 10:06:01.772 [background-preinit] INFO  org.hibernate.validator.internal.util.Version - HV000001: Hibernate Validator 8.0.1.Final
2026-08-11 10:06:01.808 [main] INFO  test - Starting test using Java 21.0.10 with PID 22924 (started by g2026 in C:\Users\g2026\Desktop\mes\java\mes)
2026-08-11 10:06:01.813 [main] INFO  test - The following 1 profile is active: "dev"
2026-08-11 10:06:01.878 [main] DEBUG org.springframework.web.context.support.GenericWebApplicationContext - Refreshing org.springframework.web.context.support.GenericWebApplicationContext@6a9950f1
2026-08-11 10:06:02.957 [main] DEBUG org.mybatis.spring.boot.autoconfigure.MybatisAutoConfiguration - Searching for mappers annotated with @Mapper
2026-08-11 10:06:02.960 [main] DEBUG org.mybatis.spring.boot.autoconfigure.MybatisAutoConfiguration - Using auto-configuration base package 'mes'
2026-08-11 10:06:03.281 [main] DEBUG org.mybatis.spring.mapper.ClassPathMapperScanner - Identified candidate component class: file [C:\Users\g2026\Desktop\mes\java\mes\target\classes\mes\mapper\SysRoleMapper.class]
2026-08-11 10:06:03.281 [main] DEBUG org.mybatis.spring.mapper.ClassPathMapperScanner - Identified candidate component class: file [C:\Users\g2026\Desktop\mes\java\mes\target\classes\mes\mapper\SysUserMapper.class]
2026-08-11 10:06:03.283 [main] DEBUG org.mybatis.spring.mapper.ClassPathMapperScanner - Creating MapperFactoryBean with name 'sysRoleMapper' and 'mes.mapper.SysRoleMapper' mapperInterface
2026-08-11 10:06:03.285 [main] DEBUG org.mybatis.spring.mapper.ClassPathMapperScanner - Creating MapperFactoryBean with name 'sysUserMapper' and 'mes.mapper.SysUserMapper' mapperInterface
2026-08-11 10:06:05.235 [main] DEBUG org.mybatis.spring.SqlSessionFactoryBean - Property 'mapperLocations' was not specified.
2026-08-11 10:06:06.593 [main] DEBUG org.springframework.web.servlet.mvc.method.annotation.RequestMappingHandlerMapping - 4 mappings in 'requestMappingHandlerMapping'
2026-08-11 10:06:06.859 [main] DEBUG org.springframework.web.servlet.handler.SimpleUrlHandlerMapping - Patterns [/webjars/**, /**] in 'resourceHandlerMapping'
2026-08-11 10:06:07.320 [main] DEBUG org.springframework.web.servlet.mvc.method.annotation.RequestMappingHandlerAdapter - ControllerAdvice beans: 0 @ModelAttribute, 0 @InitBinder, 1 RequestBodyAdvice, 1 ResponseBodyAdvice
2026-08-11 10:06:07.387 [main] DEBUG org.springframework.web.servlet.mvc.method.annotation.ExceptionHandlerExceptionResolver - ControllerAdvice beans: 1 @ExceptionHandler, 1 ResponseBodyAdvice
2026-08-11 10:06:07.448 [main] DEBUG org.mybatis.spring.boot.autoconfigure.MybatisAutoConfiguration - Not found configuration for registering mapper bean using @MapperScan, MapperFactoryBean and MapperScannerConfigurer.
2026-08-11 10:06:07.728 [main] INFO  test - Started test in 6.325 seconds (process running for 8.581)
2026-08-11 10:06:08.785 [main] DEBUG org.mybatis.spring.SqlSessionUtils - Creating a new SqlSession
2026-08-11 10:06:08.795 [main] DEBUG org.mybatis.spring.SqlSessionUtils - SqlSession [org.apache.ibatis.session.defaults.DefaultSqlSession@309b8144] was not registered for synchronization because synchronization is not active
2026-08-11 10:06:08.825 [main] DEBUG org.mybatis.spring.transaction.SpringManagedTransaction - JDBC Connection [ConnectionProxyImpl{connectedTime=2026-08-11 10:06:04.976, closeCount=0, lastValidateTimeMillis=2026-08-11 10:06:04.978}] will not be managed by Spring
2026-08-11 10:06:09.107 [main] DEBUG org.mybatis.spring.SqlSessionUtils - Closing non transactional SqlSession [org.apache.ibatis.session.defaults.DefaultSqlSession@309b8144]
2026-08-11 10:06:09.132 [SpringApplicationShutdownHook] DEBUG org.springframework.web.context.support.GenericWebApplicationContext - Closing org.springframework.web.context.support.GenericWebApplicationContext@6a9950f1, started on Tue Aug 11 10:06:01 CST 2026
2026-08-11 15:07:13.490 [background-preinit] INFO  org.hibernate.validator.internal.util.Version - HV000001: Hibernate Validator 8.0.1.Final
2026-08-11 15:07:13.570 [main] INFO  mes.Main - Starting Main using Java 21.0.10 with PID 7256 (C:\Users\g2026\Desktop\mes\java\mes\target\classes started by g2026 in C:\Users\g2026\Desktop\mes\java\mes)
2026-08-11 15:07:13.574 [main] INFO  mes.Main - The following 1 profile is active: "dev"
2026-08-11 15:07:14.755 [main] DEBUG org.mybatis.spring.boot.autoconfigure.MybatisAutoConfiguration - Searching for mappers annotated with @Mapper
2026-08-11 15:07:14.757 [main] DEBUG org.mybatis.spring.boot.autoconfigure.MybatisAutoConfiguration - Using auto-configuration base package 'mes'
2026-08-11 15:07:15.035 [main] DEBUG org.mybatis.spring.mapper.ClassPathMapperScanner - Identified candidate component class: file [C:\Users\g2026\Desktop\mes\java\mes\target\classes\mes\mapper\SysRoleMapper.class]
2026-08-11 15:07:15.035 [main] DEBUG org.mybatis.spring.mapper.ClassPathMapperScanner - Identified candidate component class: file [C:\Users\g2026\Desktop\mes\java\mes\target\classes\mes\mapper\SysUserMapper.class]
2026-08-11 15:07:15.038 [main] DEBUG org.mybatis.spring.mapper.ClassPathMapperScanner - Creating MapperFactoryBean with name 'sysRoleMapper' and 'mes.mapper.SysRoleMapper' mapperInterface
2026-08-11 15:07:15.041 [main] DEBUG org.mybatis.spring.mapper.ClassPathMapperScanner - Creating MapperFactoryBean with name 'sysUserMapper' and 'mes.mapper.SysUserMapper' mapperInterface
2026-08-11 15:07:15.779 [main] INFO  org.apache.coyote.http11.Http11NioProtocol - Initializing ProtocolHandler ["http-nio-8080"]
2026-08-11 15:07:15.783 [main] INFO  org.apache.catalina.core.StandardService - Starting service [Tomcat]
2026-08-11 15:07:15.783 [main] INFO  org.apache.catalina.core.StandardEngine - Starting Servlet engine: [Apache Tomcat/10.1.16]
2026-08-11 15:07:15.876 [main] INFO  org.apache.catalina.core.ContainerBase.[Tomcat].[localhost].[/mes] - Initializing Spring embedded WebApplicationContext
2026-08-11 15:07:17.027 [main] DEBUG org.mybatis.spring.SqlSessionFactoryBean - Property 'mapperLocations' was not specified.
2026-08-11 15:07:17.487 [main] DEBUG org.springframework.web.servlet.mvc.method.annotation.RequestMappingHandlerMapping - 4 mappings in 'requestMappingHandlerMapping'
2026-08-11 15:07:17.569 [main] DEBUG org.springframework.web.servlet.handler.SimpleUrlHandlerMapping - Patterns [/webjars/**, /**] in 'resourceHandlerMapping'
2026-08-11 15:07:17.685 [main] DEBUG org.springframework.web.servlet.mvc.method.annotation.RequestMappingHandlerAdapter - ControllerAdvice beans: 0 @ModelAttribute, 0 @InitBinder, 1 RequestBodyAdvice, 1 ResponseBodyAdvice
2026-08-11 15:07:17.735 [main] DEBUG org.springframework.web.servlet.mvc.method.annotation.ExceptionHandlerExceptionResolver - ControllerAdvice beans: 1 @ExceptionHandler, 1 ResponseBodyAdvice
2026-08-11 15:07:17.750 [main] DEBUG org.mybatis.spring.boot.autoconfigure.MybatisAutoConfiguration - Not found configuration for registering mapper bean using @MapperScan, MapperFactoryBean and MapperScannerConfigurer.
2026-08-11 15:07:18.007 [main] INFO  org.apache.coyote.http11.Http11NioProtocol - Starting ProtocolHandler ["http-nio-8080"]
2026-08-11 15:07:18.041 [main] INFO  mes.Main - Started Main in 5.083 seconds (process running for 6.58)
2026-08-11 15:10:09.373 [background-preinit] INFO  org.hibernate.validator.internal.util.Version - HV000001: Hibernate Validator 8.0.1.Final
2026-08-11 15:10:09.407 [main] INFO  mes.Main - Starting Main using Java 21.0.10 with PID 1932 (C:\Users\g2026\Desktop\mes\java\mes\target\classes started by g2026 in C:\Users\g2026\Desktop\mes\java\mes)
2026-08-11 15:10:09.410 [main] INFO  mes.Main - The following 1 profile is active: "dev"
2026-08-11 15:10:10.128 [main] DEBUG org.mybatis.spring.boot.autoconfigure.MybatisAutoConfiguration - Searching for mappers annotated with @Mapper
2026-08-11 15:10:10.130 [main] DEBUG org.mybatis.spring.boot.autoconfigure.MybatisAutoConfiguration - Using auto-configuration base package 'mes'
2026-08-11 15:10:10.350 [main] DEBUG org.mybatis.spring.mapper.ClassPathMapperScanner - Identified candidate component class: file [C:\Users\g2026\Desktop\mes\java\mes\target\classes\mes\mapper\SysRoleMapper.class]
2026-08-11 15:10:10.351 [main] DEBUG org.mybatis.spring.mapper.ClassPathMapperScanner - Identified candidate component class: file [C:\Users\g2026\Desktop\mes\java\mes\target\classes\mes\mapper\SysUserMapper.class]
2026-08-11 15:10:10.352 [main] DEBUG org.mybatis.spring.mapper.ClassPathMapperScanner - Creating MapperFactoryBean with name 'sysRoleMapper' and 'mes.mapper.SysRoleMapper' mapperInterface
2026-08-11 15:10:10.354 [main] DEBUG org.mybatis.spring.mapper.ClassPathMapperScanner - Creating MapperFactoryBean with name 'sysUserMapper' and 'mes.mapper.SysUserMapper' mapperInterface
2026-08-11 15:10:10.909 [main] INFO  org.apache.coyote.http11.Http11NioProtocol - Initializing ProtocolHandler ["http-nio-8080"]
2026-08-11 15:10:10.911 [main] INFO  org.apache.catalina.core.StandardService - Starting service [Tomcat]
2026-08-11 15:10:10.911 [main] INFO  org.apache.catalina.core.StandardEngine - Starting Servlet engine: [Apache Tomcat/10.1.16]
2026-08-11 15:10:10.996 [main] INFO  org.apache.catalina.core.ContainerBase.[Tomcat].[localhost].[/mes] - Initializing Spring embedded WebApplicationContext
2026-08-11 15:10:11.870 [main] DEBUG org.mybatis.spring.SqlSessionFactoryBean - Property 'mapperLocations' was not specified.
2026-08-11 15:10:12.181 [main] DEBUG org.springframework.web.servlet.mvc.method.annotation.RequestMappingHandlerMapping - 5 mappings in 'requestMappingHandlerMapping'
2026-08-11 15:10:12.249 [main] DEBUG org.springframework.web.servlet.handler.SimpleUrlHandlerMapping - Patterns [/webjars/**, /**] in 'resourceHandlerMapping'
2026-08-11 15:10:12.342 [main] DEBUG org.springframework.web.servlet.mvc.method.annotation.RequestMappingHandlerAdapter - ControllerAdvice beans: 0 @ModelAttribute, 0 @InitBinder, 1 RequestBodyAdvice, 1 ResponseBodyAdvice
2026-08-11 15:10:12.376 [main] DEBUG org.springframework.web.servlet.mvc.method.annotation.ExceptionHandlerExceptionResolver - ControllerAdvice beans: 1 @ExceptionHandler, 1 ResponseBodyAdvice
2026-08-11 15:10:12.390 [main] DEBUG org.mybatis.spring.boot.autoconfigure.MybatisAutoConfiguration - Not found configuration for registering mapper bean using @MapperScan, MapperFactoryBean and MapperScannerConfigurer.
2026-08-11 15:10:12.576 [main] INFO  org.apache.coyote.http11.Http11NioProtocol - Starting ProtocolHandler ["http-nio-8080"]
2026-08-11 15:10:12.602 [main] INFO  mes.Main - Started Main in 3.582 seconds (process running for 4.874)
2026-08-11 15:18:41.030 [http-nio-8080-exec-3] INFO  org.apache.catalina.core.ContainerBase.[Tomcat].[localhost].[/mes] - Initializing Spring DispatcherServlet 'dispatcherServlet'
2026-08-11 15:18:41.030 [http-nio-8080-exec-3] INFO  org.springframework.web.servlet.DispatcherServlet - Initializing Servlet 'dispatcherServlet'
2026-08-11 15:18:41.030 [http-nio-8080-exec-3] DEBUG org.springframework.web.servlet.DispatcherServlet - Detected StandardServletMultipartResolver
2026-08-11 15:18:41.030 [http-nio-8080-exec-3] DEBUG org.springframework.web.servlet.DispatcherServlet - Detected FixedLocaleResolver
2026-08-11 15:18:41.030 [http-nio-8080-exec-3] DEBUG org.springframework.web.servlet.DispatcherServlet - Detected FixedThemeResolver
2026-08-11 15:18:41.031 [http-nio-8080-exec-3] DEBUG org.springframework.web.servlet.DispatcherServlet - Detected org.springframework.web.servlet.view.DefaultRequestToViewNameTranslator@785c55cf
2026-08-11 15:18:41.031 [http-nio-8080-exec-3] DEBUG org.springframework.web.servlet.DispatcherServlet - Detected org.springframework.web.servlet.support.SessionFlashMapManager@5b2b7f8e
2026-08-11 15:18:41.031 [http-nio-8080-exec-3] DEBUG org.springframework.web.servlet.DispatcherServlet - enableLoggingRequestDetails='false': request parameters and headers will be masked to prevent unsafe logging of potentially sensitive data
2026-08-11 15:18:41.031 [http-nio-8080-exec-3] INFO  org.springframework.web.servlet.DispatcherServlet - Completed initialization in 1 ms
2026-08-11 15:18:41.042 [http-nio-8080-exec-3] WARN  org.springframework.web.servlet.handler.HandlerMappingIntrospector - Cache miss for REQUEST dispatch to '/mes/api/auth/login' (previous null). Performing CorsConfiguration lookup. This is logged once only at WARN level, and every time at TRACE.
2026-08-11 15:18:41.058 [http-nio-8080-exec-3] WARN  org.springframework.web.servlet.handler.HandlerMappingIntrospector - Cache miss for REQUEST dispatch to '/mes/api/auth/login' (previous null). Performing MatchableHandlerMapping lookup. This is logged once only at WARN level, and every time at TRACE.
2026-08-11 15:18:41.062 [http-nio-8080-exec-3] DEBUG org.springframework.web.servlet.DispatcherServlet - POST "/mes/api/auth/login", parameters={}
2026-08-11 15:18:41.063 [http-nio-8080-exec-3] DEBUG org.springframework.web.servlet.mvc.method.annotation.RequestMappingHandlerMapping - Mapped to mes.controller.AuthController#login(LoginDTO)
2026-08-11 15:18:41.127 [http-nio-8080-exec-3] DEBUG org.springframework.web.servlet.mvc.method.annotation.RequestResponseBodyMethodProcessor - Read "application/json;charset=UTF-8" to [LoginDTO(username=admin, password=123456)]
2026-08-11 15:18:41.134 [http-nio-8080-exec-3] INFO  mes.controller.AuthController - 用户尝试登录
2026-08-11 15:18:41.216 [http-nio-8080-exec-3] DEBUG org.mybatis.spring.SqlSessionUtils - Creating a new SqlSession
2026-08-11 15:18:41.228 [http-nio-8080-exec-3] DEBUG org.mybatis.spring.SqlSessionUtils - SqlSession [org.apache.ibatis.session.defaults.DefaultSqlSession@75f773be] was not registered for synchronization because synchronization is not active
2026-08-11 15:18:41.262 [http-nio-8080-exec-3] DEBUG org.mybatis.spring.transaction.SpringManagedTransaction - JDBC Connection [ConnectionProxyImpl{connectedTime=2026-08-11 15:10:11.795, closeCount=0, lastValidateTimeMillis=2026-08-11 15:18:41.26}] will not be managed by Spring
2026-08-11 15:18:41.516 [http-nio-8080-exec-3] DEBUG org.mybatis.spring.SqlSessionUtils - Closing non transactional SqlSession [org.apache.ibatis.session.defaults.DefaultSqlSession@75f773be]
2026-08-11 15:18:41.517 [http-nio-8080-exec-3] DEBUG org.mybatis.spring.SqlSessionUtils - Creating a new SqlSession
2026-08-11 15:18:41.517 [http-nio-8080-exec-3] DEBUG org.mybatis.spring.SqlSessionUtils - SqlSession [org.apache.ibatis.session.defaults.DefaultSqlSession@2e489b51] was not registered for synchronization because synchronization is not active
2026-08-11 15:18:41.517 [http-nio-8080-exec-3] DEBUG org.mybatis.spring.transaction.SpringManagedTransaction - JDBC Connection [ConnectionProxyImpl{connectedTime=2026-08-11 15:10:11.795, closeCount=0, lastValidateTimeMillis=2026-08-11 15:18:41.26}] will not be managed by Spring
2026-08-11 15:18:41.526 [http-nio-8080-exec-3] DEBUG org.mybatis.spring.SqlSessionUtils - Closing non transactional SqlSession [org.apache.ibatis.session.defaults.DefaultSqlSession@2e489b51]
2026-08-11 15:18:42.119 [http-nio-8080-exec-3] DEBUG org.springframework.web.servlet.mvc.method.annotation.ExceptionHandlerExceptionResolver - Using @ExceptionHandler mes.common.exception.GlobalExceptionHandler#handleException(Exception)
2026-08-11 15:18:42.119 [http-nio-8080-exec-3] ERROR mes.common.exception.GlobalExceptionHandler - 系统异常
org.springframework.data.redis.RedisSystemException: Error in execution
	at org.springframework.data.redis.connection.lettuce.LettuceExceptionConverter.convert(LettuceExceptionConverter.java:52) ~[spring-data-redis-3.2.0.jar:3.2.0]
	at org.springframework.data.redis.connection.lettuce.LettuceExceptionConverter.convert(LettuceExceptionConverter.java:50) ~[spring-data-redis-3.2.0.jar:3.2.0]
	at org.springframework.data.redis.connection.lettuce.LettuceExceptionConverter.convert(LettuceExceptionConverter.java:41) ~[spring-data-redis-3.2.0.jar:3.2.0]
	at org.springframework.data.redis.PassThroughExceptionTranslationStrategy.translate(PassThroughExceptionTranslationStrategy.java:40) ~[spring-data-redis-3.2.0.jar:3.2.0]
	at org.springframework.data.redis.FallbackExceptionTranslationStrategy.translate(FallbackExceptionTranslationStrategy.java:38) ~[spring-data-redis-3.2.0.jar:3.2.0]
	at org.springframework.data.redis.connection.lettuce.LettuceConnection.convertLettuceAccessException(LettuceConnection.java:306) ~[spring-data-redis-3.2.0.jar:3.2.0]
	at org.springframework.data.redis.connection.lettuce.LettuceConnection.await(LettuceConnection.java:1010) ~[spring-data-redis-3.2.0.jar:3.2.0]
	at org.springframework.data.redis.connection.lettuce.LettuceConnection.lambda$doInvoke$3(LettuceConnection.java:443) ~[spring-data-redis-3.2.0.jar:3.2.0]
	at org.springframework.data.redis.connection.lettuce.LettuceInvoker$Synchronizer.invoke(LettuceInvoker.java:673) ~[spring-data-redis-3.2.0.jar:3.2.0]
	at org.springframework.data.redis.connection.lettuce.LettuceInvoker$DefaultSingleInvocationSpec.get(LettuceInvoker.java:589) ~[spring-data-redis-3.2.0.jar:3.2.0]
	at org.springframework.data.redis.connection.lettuce.LettuceStringCommands.pSetEx(LettuceStringCommands.java:144) ~[spring-data-redis-3.2.0.jar:3.2.0]
	at org.springframework.data.redis.connection.DefaultedRedisConnection.pSetEx(DefaultedRedisConnection.java:347) ~[spring-data-redis-3.2.0.jar:3.2.0]
	at org.springframework.data.redis.connection.DefaultStringRedisConnection.pSetEx(DefaultStringRedisConnection.java:790) ~[spring-data-redis-3.2.0.jar:3.2.0]
	at org.springframework.data.redis.core.DefaultValueOperations$8.failsafeInvokePsetEx(DefaultValueOperations.java:273) ~[spring-data-redis-3.2.0.jar:3.2.0]
	at org.springframework.data.redis.core.DefaultValueOperations$8.potentiallyUsePsetEx(DefaultValueOperations.java:264) ~[spring-data-redis-3.2.0.jar:3.2.0]
	at org.springframework.data.redis.core.DefaultValueOperations$8.doInRedis(DefaultValueOperations.java:258) ~[spring-data-redis-3.2.0.jar:3.2.0]
	at org.springframework.data.redis.core.RedisTemplate.execute(RedisTemplate.java:406) ~[spring-data-redis-3.2.0.jar:3.2.0]
	at org.springframework.data.redis.core.RedisTemplate.execute(RedisTemplate.java:373) ~[spring-data-redis-3.2.0.jar:3.2.0]
	at org.springframework.data.redis.core.AbstractOperations.execute(AbstractOperations.java:97) ~[spring-data-redis-3.2.0.jar:3.2.0]
	at org.springframework.data.redis.core.DefaultValueOperations.set(DefaultValueOperations.java:253) ~[spring-data-redis-3.2.0.jar:3.2.0]
	at mes.service.impl.RedisTokenServiceImpl.saveRefreshToken(RedisTokenServiceImpl.java:26) ~[classes/:?]
	at mes.service.impl.AuthServiceImpl.login(AuthServiceImpl.java:50) ~[classes/:?]
	at mes.controller.AuthController.login(AuthController.java:32) ~[classes/:?]
	at java.base/jdk.internal.reflect.DirectMethodHandleAccessor.invoke(DirectMethodHandleAccessor.java:103) ~[?:?]
	at java.base/java.lang.reflect.Method.invoke(Method.java:580) ~[?:?]
	at org.springframework.web.method.support.InvocableHandlerMethod.doInvoke(InvocableHandlerMethod.java:254) ~[spring-web-6.1.1.jar:6.1.1]
	at org.springframework.web.method.support.InvocableHandlerMethod.invokeForRequest(InvocableHandlerMethod.java:182) ~[spring-web-6.1.1.jar:6.1.1]
	at org.springframework.web.servlet.mvc.method.annotation.ServletInvocableHandlerMethod.invokeAndHandle(ServletInvocableHandlerMethod.java:118) ~[spring-webmvc-6.1.1.jar:6.1.1]
	at org.springframework.web.servlet.mvc.method.annotation.RequestMappingHandlerAdapter.invokeHandlerMethod(RequestMappingHandlerAdapter.java:917) ~[spring-webmvc-6.1.1.jar:6.1.1]
	at org.springframework.web.servlet.mvc.method.annotation.RequestMappingHandlerAdapter.handleInternal(RequestMappingHandlerAdapter.java:829) ~[spring-webmvc-6.1.1.jar:6.1.1]
	at org.springframework.web.servlet.mvc.method.AbstractHandlerMethodAdapter.handle(AbstractHandlerMethodAdapter.java:87) ~[spring-webmvc-6.1.1.jar:6.1.1]
	at org.springframework.web.servlet.DispatcherServlet.doDispatch(DispatcherServlet.java:1089) ~[spring-webmvc-6.1.1.jar:6.1.1]
	at org.springframework.web.servlet.DispatcherServlet.doService(DispatcherServlet.java:979) ~[spring-webmvc-6.1.1.jar:6.1.1]
	at org.springframework.web.servlet.FrameworkServlet.processRequest(FrameworkServlet.java:1014) ~[spring-webmvc-6.1.1.jar:6.1.1]
	at org.springframework.web.servlet.FrameworkServlet.doPost(FrameworkServlet.java:914) ~[spring-webmvc-6.1.1.jar:6.1.1]
	at jakarta.servlet.http.HttpServlet.service(HttpServlet.java:590) ~[tomcat-embed-core-10.1.16.jar:6.0]
	at org.springframework.web.servlet.FrameworkServlet.service(FrameworkServlet.java:885) ~[spring-webmvc-6.1.1.jar:6.1.1]
	at jakarta.servlet.http.HttpServlet.service(HttpServlet.java:658) ~[tomcat-embed-core-10.1.16.jar:6.0]
	at org.apache.catalina.core.ApplicationFilterChain.internalDoFilter(ApplicationFilterChain.java:205) ~[tomcat-embed-core-10.1.16.jar:10.1.16]
	at org.apache.catalina.core.ApplicationFilterChain.doFilter(ApplicationFilterChain.java:149) ~[tomcat-embed-core-10.1.16.jar:10.1.16]
	at org.apache.tomcat.websocket.server.WsFilter.doFilter(WsFilter.java:51) ~[tomcat-embed-websocket-10.1.16.jar:10.1.16]
	at org.apache.catalina.core.ApplicationFilterChain.internalDoFilter(ApplicationFilterChain.java:174) ~[tomcat-embed-core-10.1.16.jar:10.1.16]
	at org.apache.catalina.core.ApplicationFilterChain.doFilter(ApplicationFilterChain.java:149) ~[tomcat-embed-core-10.1.16.jar:10.1.16]
	at org.springframework.web.filter.OncePerRequestFilter.doFilter(OncePerRequestFilter.java:110) ~[spring-web-6.1.1.jar:6.1.1]
	at org.apache.catalina.core.ApplicationFilterChain.internalDoFilter(ApplicationFilterChain.java:174) ~[tomcat-embed-core-10.1.16.jar:10.1.16]
	at org.apache.catalina.core.ApplicationFilterChain.doFilter(ApplicationFilterChain.java:149) ~[tomcat-embed-core-10.1.16.jar:10.1.16]
	at org.springframework.security.web.FilterChainProxy.lambda$doFilterInternal$3(FilterChainProxy.java:231) ~[spring-security-web-6.2.0.jar:6.2.0]
	at org.springframework.security.web.FilterChainProxy$VirtualFilterChain.doFilter(FilterChainProxy.java:365) ~[spring-security-web-6.2.0.jar:6.2.0]
	at org.springframework.security.web.access.intercept.AuthorizationFilter.doFilter(AuthorizationFilter.java:100) ~[spring-security-web-6.2.0.jar:6.2.0]
	at org.springframework.security.web.FilterChainProxy$VirtualFilterChain.doFilter(FilterChainProxy.java:374) ~[spring-security-web-6.2.0.jar:6.2.0]
	at org.springframework.security.web.access.ExceptionTranslationFilter.doFilter(ExceptionTranslationFilter.java:126) ~[spring-security-web-6.2.0.jar:6.2.0]
	at org.springframework.security.web.access.ExceptionTranslationFilter.doFilter(ExceptionTranslationFilter.java:120) ~[spring-security-web-6.2.0.jar:6.2.0]
	at org.springframework.security.web.FilterChainProxy$VirtualFilterChain.doFilter(FilterChainProxy.java:374) ~[spring-security-web-6.2.0.jar:6.2.0]
	at org.springframework.security.web.session.SessionManagementFilter.doFilter(SessionManagementFilter.java:131) ~[spring-security-web-6.2.0.jar:6.2.0]
	at org.springframework.security.web.session.SessionManagementFilter.doFilter(SessionManagementFilter.java:85) ~[spring-security-web-6.2.0.jar:6.2.0]
	at org.springframework.security.web.FilterChainProxy$VirtualFilterChain.doFilter(FilterChainProxy.java:374) ~[spring-security-web-6.2.0.jar:6.2.0]
	at org.springframework.security.web.authentication.AnonymousAuthenticationFilter.doFilter(AnonymousAuthenticationFilter.java:100) ~[spring-security-web-6.2.0.jar:6.2.0]
	at org.springframework.security.web.FilterChainProxy$VirtualFilterChain.doFilter(FilterChainProxy.java:374) ~[spring-security-web-6.2.0.jar:6.2.0]
	at org.springframework.security.web.servletapi.SecurityContextHolderAwareRequestFilter.doFilter(SecurityContextHolderAwareRequestFilter.java:179) ~[spring-security-web-6.2.0.jar:6.2.0]
	at org.springframework.security.web.FilterChainProxy$VirtualFilterChain.doFilter(FilterChainProxy.java:374) ~[spring-security-web-6.2.0.jar:6.2.0]
	at org.springframework.security.web.savedrequest.RequestCacheAwareFilter.doFilter(RequestCacheAwareFilter.java:63) ~[spring-security-web-6.2.0.jar:6.2.0]
	at org.springframework.security.web.FilterChainProxy$VirtualFilterChain.doFilter(FilterChainProxy.java:374) ~[spring-security-web-6.2.0.jar:6.2.0]
	at mes.security.JwtAuthenticationFilter.doFilterInternal(JwtAuthenticationFilter.java:64) ~[classes/:?]
	at org.springframework.web.filter.OncePerRequestFilter.doFilter(OncePerRequestFilter.java:116) ~[spring-web-6.1.1.jar:6.1.1]
	at org.springframework.security.web.FilterChainProxy$VirtualFilterChain.doFilter(FilterChainProxy.java:374) ~[spring-security-web-6.2.0.jar:6.2.0]
	at org.springframework.security.web.authentication.logout.LogoutFilter.doFilter(LogoutFilter.java:107) ~[spring-security-web-6.2.0.jar:6.2.0]
	at org.springframework.security.web.authentication.logout.LogoutFilter.doFilter(LogoutFilter.java:93) ~[spring-security-web-6.2.0.jar:6.2.0]
	at org.springframework.security.web.FilterChainProxy$VirtualFilterChain.doFilter(FilterChainProxy.java:374) ~[spring-security-web-6.2.0.jar:6.2.0]
	at org.springframework.web.filter.CorsFilter.doFilterInternal(CorsFilter.java:91) ~[spring-web-6.1.1.jar:6.1.1]
	at org.springframework.web.filter.OncePerRequestFilter.doFilter(OncePerRequestFilter.java:116) ~[spring-web-6.1.1.jar:6.1.1]
	at org.springframework.security.web.FilterChainProxy$VirtualFilterChain.doFilter(FilterChainProxy.java:374) ~[spring-security-web-6.2.0.jar:6.2.0]
	at org.springframework.security.web.header.HeaderWriterFilter.doHeadersAfter(HeaderWriterFilter.java:90) ~[spring-security-web-6.2.0.jar:6.2.0]
	at org.springframework.security.web.header.HeaderWriterFilter.doFilterInternal(HeaderWriterFilter.java:75) ~[spring-security-web-6.2.0.jar:6.2.0]
	at org.springframework.web.filter.OncePerRequestFilter.doFilter(OncePerRequestFilter.java:116) ~[spring-web-6.1.1.jar:6.1.1]
	at org.springframework.security.web.FilterChainProxy$VirtualFilterChain.doFilter(FilterChainProxy.java:374) ~[spring-security-web-6.2.0.jar:6.2.0]
	at org.springframework.security.web.context.SecurityContextHolderFilter.doFilter(SecurityContextHolderFilter.java:82) ~[spring-security-web-6.2.0.jar:6.2.0]
	at org.springframework.security.web.context.SecurityContextHolderFilter.doFilter(SecurityContextHolderFilter.java:69) ~[spring-security-web-6.2.0.jar:6.2.0]
	at org.springframework.security.web.FilterChainProxy$VirtualFilterChain.doFilter(FilterChainProxy.java:374) ~[spring-security-web-6.2.0.jar:6.2.0]
	at org.springframework.security.web.context.request.async.WebAsyncManagerIntegrationFilter.doFilterInternal(WebAsyncManagerIntegrationFilter.java:62) ~[spring-security-web-6.2.0.jar:6.2.0]
	at org.springframework.web.filter.OncePerRequestFilter.doFilter(OncePerRequestFilter.java:116) ~[spring-web-6.1.1.jar:6.1.1]
	at org.springframework.security.web.FilterChainProxy$VirtualFilterChain.doFilter(FilterChainProxy.java:374) ~[spring-security-web-6.2.0.jar:6.2.0]
	at org.springframework.security.web.session.DisableEncodeUrlFilter.doFilterInternal(DisableEncodeUrlFilter.java:42) ~[spring-security-web-6.2.0.jar:6.2.0]
	at org.springframework.web.filter.OncePerRequestFilter.doFilter(OncePerRequestFilter.java:116) ~[spring-web-6.1.1.jar:6.1.1]
	at org.springframework.security.web.FilterChainProxy$VirtualFilterChain.doFilter(FilterChainProxy.java:374) ~[spring-security-web-6.2.0.jar:6.2.0]
	at org.springframework.security.web.FilterChainProxy.doFilterInternal(FilterChainProxy.java:233) ~[spring-security-web-6.2.0.jar:6.2.0]
	at org.springframework.security.web.FilterChainProxy.doFilter(FilterChainProxy.java:191) ~[spring-security-web-6.2.0.jar:6.2.0]
	at org.springframework.web.filter.DelegatingFilterProxy.invokeDelegate(DelegatingFilterProxy.java:352) ~[spring-web-6.1.1.jar:6.1.1]
	at org.springframework.web.filter.DelegatingFilterProxy.doFilter(DelegatingFilterProxy.java:268) ~[spring-web-6.1.1.jar:6.1.1]
	at org.apache.catalina.core.ApplicationFilterChain.internalDoFilter(ApplicationFilterChain.java:174) ~[tomcat-embed-core-10.1.16.jar:10.1.16]
	at org.apache.catalina.core.ApplicationFilterChain.doFilter(ApplicationFilterChain.java:149) ~[tomcat-embed-core-10.1.16.jar:10.1.16]
	at org.springframework.web.filter.RequestContextFilter.doFilterInternal(RequestContextFilter.java:100) ~[spring-web-6.1.1.jar:6.1.1]
	at org.springframework.web.filter.OncePerRequestFilter.doFilter(OncePerRequestFilter.java:116) ~[spring-web-6.1.1.jar:6.1.1]
	at org.apache.catalina.core.ApplicationFilterChain.internalDoFilter(ApplicationFilterChain.java:174) ~[tomcat-embed-core-10.1.16.jar:10.1.16]
	at org.apache.catalina.core.ApplicationFilterChain.doFilter(ApplicationFilterChain.java:149) ~[tomcat-embed-core-10.1.16.jar:10.1.16]
	at org.springframework.web.filter.FormContentFilter.doFilterInternal(FormContentFilter.java:93) ~[spring-web-6.1.1.jar:6.1.1]
	at org.springframework.web.filter.OncePerRequestFilter.doFilter(OncePerRequestFilter.java:116) ~[spring-web-6.1.1.jar:6.1.1]
	at org.apache.catalina.core.ApplicationFilterChain.internalDoFilter(ApplicationFilterChain.java:174) ~[tomcat-embed-core-10.1.16.jar:10.1.16]
	at org.apache.catalina.core.ApplicationFilterChain.doFilter(ApplicationFilterChain.java:149) ~[tomcat-embed-core-10.1.16.jar:10.1.16]
	at org.springframework.web.filter.CharacterEncodingFilter.doFilterInternal(CharacterEncodingFilter.java:201) ~[spring-web-6.1.1.jar:6.1.1]
	at org.springframework.web.filter.OncePerRequestFilter.doFilter(OncePerRequestFilter.java:116) ~[spring-web-6.1.1.jar:6.1.1]
	at org.apache.catalina.core.ApplicationFilterChain.internalDoFilter(ApplicationFilterChain.java:174) ~[tomcat-embed-core-10.1.16.jar:10.1.16]
	at org.apache.catalina.core.ApplicationFilterChain.doFilter(ApplicationFilterChain.java:149) ~[tomcat-embed-core-10.1.16.jar:10.1.16]
	at org.apache.catalina.core.StandardWrapperValve.invoke(StandardWrapperValve.java:167) ~[tomcat-embed-core-10.1.16.jar:10.1.16]
	at org.apache.catalina.core.StandardContextValve.invoke(StandardContextValve.java:90) ~[tomcat-embed-core-10.1.16.jar:10.1.16]
	at org.apache.catalina.authenticator.AuthenticatorBase.invoke(AuthenticatorBase.java:482) ~[tomcat-embed-core-10.1.16.jar:10.1.16]
	at org.apache.catalina.core.StandardHostValve.invoke(StandardHostValve.java:115) ~[tomcat-embed-core-10.1.16.jar:10.1.16]
	at org.apache.catalina.valves.ErrorReportValve.invoke(ErrorReportValve.java:93) ~[tomcat-embed-core-10.1.16.jar:10.1.16]
	at org.apache.catalina.core.StandardEngineValve.invoke(StandardEngineValve.java:74) ~[tomcat-embed-core-10.1.16.jar:10.1.16]
	at org.apache.catalina.connector.CoyoteAdapter.service(CoyoteAdapter.java:340) ~[tomcat-embed-core-10.1.16.jar:10.1.16]
	at org.apache.coyote.http11.Http11Processor.service(Http11Processor.java:391) ~[tomcat-embed-core-10.1.16.jar:10.1.16]
	at org.apache.coyote.AbstractProcessorLight.process(AbstractProcessorLight.java:63) ~[tomcat-embed-core-10.1.16.jar:10.1.16]
	at org.apache.coyote.AbstractProtocol$ConnectionHandler.process(AbstractProtocol.java:896) ~[tomcat-embed-core-10.1.16.jar:10.1.16]
	at org.apache.tomcat.util.net.NioEndpoint$SocketProcessor.doRun(NioEndpoint.java:1744) ~[tomcat-embed-core-10.1.16.jar:10.1.16]
	at org.apache.tomcat.util.net.SocketProcessorBase.run(SocketProcessorBase.java:52) ~[tomcat-embed-core-10.1.16.jar:10.1.16]
	at org.apache.tomcat.util.threads.ThreadPoolExecutor.runWorker(ThreadPoolExecutor.java:1191) ~[tomcat-embed-core-10.1.16.jar:10.1.16]
	at org.apache.tomcat.util.threads.ThreadPoolExecutor$Worker.run(ThreadPoolExecutor.java:659) ~[tomcat-embed-core-10.1.16.jar:10.1.16]
	at org.apache.tomcat.util.threads.TaskThread$WrappingRunnable.run(TaskThread.java:61) ~[tomcat-embed-core-10.1.16.jar:10.1.16]
	at java.base/java.lang.Thread.run(Thread.java:1583) [?:?]
Caused by: io.lettuce.core.RedisReadOnlyException: READONLY You can't write against a read only replica.
	at io.lettuce.core.internal.ExceptionFactory.createExecutionException(ExceptionFactory.java:144) ~[lettuce-core-6.3.0.RELEASE.jar:6.3.0.RELEASE/9bb1669]
	at io.lettuce.core.internal.ExceptionFactory.createExecutionException(ExceptionFactory.java:116) ~[lettuce-core-6.3.0.RELEASE.jar:6.3.0.RELEASE/9bb1669]
	at io.lettuce.core.protocol.AsyncCommand.completeResult(AsyncCommand.java:120) ~[lettuce-core-6.3.0.RELEASE.jar:6.3.0.RELEASE/9bb1669]
	at io.lettuce.core.protocol.AsyncCommand.complete(AsyncCommand.java:111) ~[lettuce-core-6.3.0.RELEASE.jar:6.3.0.RELEASE/9bb1669]
	at io.lettuce.core.protocol.CommandHandler.complete(CommandHandler.java:745) ~[lettuce-core-6.3.0.RELEASE.jar:6.3.0.RELEASE/9bb1669]
	at io.lettuce.core.protocol.CommandHandler.decode(CommandHandler.java:680) ~[lettuce-core-6.3.0.RELEASE.jar:6.3.0.RELEASE/9bb1669]
	at io.lettuce.core.protocol.CommandHandler.channelRead(CommandHandler.java:597) ~[lettuce-core-6.3.0.RELEASE.jar:6.3.0.RELEASE/9bb1669]
	at io.netty.channel.AbstractChannelHandlerContext.invokeChannelRead(AbstractChannelHandlerContext.java:442) ~[netty-transport-4.1.101.Final.jar:4.1.101.Final]
	at io.netty.channel.AbstractChannelHandlerContext.invokeChannelRead(AbstractChannelHandlerContext.java:420) ~[netty-transport-4.1.101.Final.jar:4.1.101.Final]
	at io.netty.channel.AbstractChannelHandlerContext.fireChannelRead(AbstractChannelHandlerContext.java:412) ~[netty-transport-4.1.101.Final.jar:4.1.101.Final]
	at io.netty.channel.DefaultChannelPipeline$HeadContext.channelRead(DefaultChannelPipeline.java:1410) ~[netty-transport-4.1.101.Final.jar:4.1.101.Final]
	at io.netty.channel.AbstractChannelHandlerContext.invokeChannelRead(AbstractChannelHandlerContext.java:440) ~[netty-transport-4.1.101.Final.jar:4.1.101.Final]
	at io.netty.channel.AbstractChannelHandlerContext.invokeChannelRead(AbstractChannelHandlerContext.java:420) ~[netty-transport-4.1.101.Final.jar:4.1.101.Final]
	at io.netty.channel.DefaultChannelPipeline.fireChannelRead(DefaultChannelPipeline.java:919) ~[netty-transport-4.1.101.Final.jar:4.1.101.Final]
	at io.netty.channel.nio.AbstractNioByteChannel$NioByteUnsafe.read(AbstractNioByteChannel.java:166) ~[netty-transport-4.1.101.Final.jar:4.1.101.Final]
	at io.netty.channel.nio.NioEventLoop.processSelectedKey(NioEventLoop.java:788) ~[netty-transport-4.1.101.Final.jar:4.1.101.Final]
	at io.netty.channel.nio.NioEventLoop.processSelectedKeysOptimized(NioEventLoop.java:724) ~[netty-transport-4.1.101.Final.jar:4.1.101.Final]
	at io.netty.channel.nio.NioEventLoop.processSelectedKeys(NioEventLoop.java:650) ~[netty-transport-4.1.101.Final.jar:4.1.101.Final]
	at io.netty.channel.nio.NioEventLoop.run(NioEventLoop.java:562) ~[netty-transport-4.1.101.Final.jar:4.1.101.Final]
	at io.netty.util.concurrent.SingleThreadEventExecutor$4.run(SingleThreadEventExecutor.java:997) ~[netty-common-4.1.101.Final.jar:4.1.101.Final]
	at io.netty.util.internal.ThreadExecutorMap$2.run(ThreadExecutorMap.java:74) ~[netty-common-4.1.101.Final.jar:4.1.101.Final]
	at io.netty.util.concurrent.FastThreadLocalRunnable.run(FastThreadLocalRunnable.java:30) ~[netty-common-4.1.101.Final.jar:4.1.101.Final]
	... 1 more
2026-08-11 15:18:42.139 [http-nio-8080-exec-3] DEBUG org.springframework.web.servlet.mvc.method.annotation.RequestResponseBodyMethodProcessor - Using 'application/json', given [*/*] and supported [application/json, application/*+json]
2026-08-11 15:18:42.140 [http-nio-8080-exec-3] DEBUG org.springframework.web.servlet.mvc.method.annotation.RequestResponseBodyMethodProcessor - Writing [Result(code=500, msg=系统繁忙，请稍后重试, data=null, timestamp=1786432722119, requestId=null)]
2026-08-11 15:18:42.147 [http-nio-8080-exec-3] DEBUG org.springframework.web.servlet.mvc.method.annotation.ExceptionHandlerExceptionResolver - Resolved [org.springframework.data.redis.RedisSystemException: Error in execution]
2026-08-11 15:18:42.148 [http-nio-8080-exec-3] DEBUG org.springframework.web.servlet.DispatcherServlet - Completed 200 OK
2026-08-11 15:22:28.319 [background-preinit] INFO  org.hibernate.validator.internal.util.Version - HV000001: Hibernate Validator 8.0.1.Final
2026-08-11 15:22:28.353 [main] INFO  mes.Main - Starting Main using Java 21.0.10 with PID 13476 (C:\Users\g2026\Desktop\mes\java\mes\target\classes started by g2026 in C:\Users\g2026\Desktop\mes\java\mes)
2026-08-11 15:22:28.355 [main] INFO  mes.Main - The following 1 profile is active: "dev"
2026-08-11 15:22:29.100 [main] DEBUG org.mybatis.spring.boot.autoconfigure.MybatisAutoConfiguration - Searching for mappers annotated with @Mapper
2026-08-11 15:22:29.102 [main] DEBUG org.mybatis.spring.boot.autoconfigure.MybatisAutoConfiguration - Using auto-configuration base package 'mes'
2026-08-11 15:22:29.333 [main] DEBUG org.mybatis.spring.mapper.ClassPathMapperScanner - Identified candidate component class: file [C:\Users\g2026\Desktop\mes\java\mes\target\classes\mes\mapper\SysRoleMapper.class]
2026-08-11 15:22:29.333 [main] DEBUG org.mybatis.spring.mapper.ClassPathMapperScanner - Identified candidate component class: file [C:\Users\g2026\Desktop\mes\java\mes\target\classes\mes\mapper\SysUserMapper.class]
2026-08-11 15:22:29.334 [main] DEBUG org.mybatis.spring.mapper.ClassPathMapperScanner - Creating MapperFactoryBean with name 'sysRoleMapper' and 'mes.mapper.SysRoleMapper' mapperInterface
2026-08-11 15:22:29.336 [main] DEBUG org.mybatis.spring.mapper.ClassPathMapperScanner - Creating MapperFactoryBean with name 'sysUserMapper' and 'mes.mapper.SysUserMapper' mapperInterface
2026-08-11 15:22:29.881 [main] INFO  org.apache.coyote.http11.Http11NioProtocol - Initializing ProtocolHandler ["http-nio-8080"]
2026-08-11 15:22:29.883 [main] INFO  org.apache.catalina.core.StandardService - Starting service [Tomcat]
2026-08-11 15:22:29.883 [main] INFO  org.apache.catalina.core.StandardEngine - Starting Servlet engine: [Apache Tomcat/10.1.16]
2026-08-11 15:22:29.971 [main] INFO  org.apache.catalina.core.ContainerBase.[Tomcat].[localhost].[/mes] - Initializing Spring embedded WebApplicationContext
2026-08-11 15:22:30.952 [main] DEBUG org.mybatis.spring.SqlSessionFactoryBean - Property 'mapperLocations' was not specified.
2026-08-11 15:22:31.310 [main] DEBUG org.springframework.web.servlet.mvc.method.annotation.RequestMappingHandlerMapping - 5 mappings in 'requestMappingHandlerMapping'
2026-08-11 15:22:31.391 [main] DEBUG org.springframework.web.servlet.handler.SimpleUrlHandlerMapping - Patterns [/webjars/**, /**] in 'resourceHandlerMapping'
2026-08-11 15:22:31.511 [main] DEBUG org.springframework.web.servlet.mvc.method.annotation.RequestMappingHandlerAdapter - ControllerAdvice beans: 0 @ModelAttribute, 0 @InitBinder, 1 RequestBodyAdvice, 1 ResponseBodyAdvice
2026-08-11 15:22:31.568 [main] DEBUG org.springframework.web.servlet.mvc.method.annotation.ExceptionHandlerExceptionResolver - ControllerAdvice beans: 1 @ExceptionHandler, 1 ResponseBodyAdvice
2026-08-11 15:22:31.585 [main] DEBUG org.mybatis.spring.boot.autoconfigure.MybatisAutoConfiguration - Not found configuration for registering mapper bean using @MapperScan, MapperFactoryBean and MapperScannerConfigurer.
2026-08-11 15:22:31.769 [main] INFO  org.apache.coyote.http11.Http11NioProtocol - Starting ProtocolHandler ["http-nio-8080"]
2026-08-11 15:22:31.796 [main] INFO  mes.Main - Started Main in 3.818 seconds (process running for 5.085)
2026-08-11 15:22:46.990 [http-nio-8080-exec-6] INFO  org.apache.catalina.core.ContainerBase.[Tomcat].[localhost].[/mes] - Initializing Spring DispatcherServlet 'dispatcherServlet'
2026-08-11 15:22:46.990 [http-nio-8080-exec-6] INFO  org.springframework.web.servlet.DispatcherServlet - Initializing Servlet 'dispatcherServlet'
2026-08-11 15:22:46.990 [http-nio-8080-exec-6] DEBUG org.springframework.web.servlet.DispatcherServlet - Detected StandardServletMultipartResolver
2026-08-11 15:22:46.990 [http-nio-8080-exec-6] DEBUG org.springframework.web.servlet.DispatcherServlet - Detected FixedLocaleResolver
2026-08-11 15:22:46.991 [http-nio-8080-exec-6] DEBUG org.springframework.web.servlet.DispatcherServlet - Detected FixedThemeResolver
2026-08-11 15:22:46.991 [http-nio-8080-exec-6] DEBUG org.springframework.web.servlet.DispatcherServlet - Detected org.springframework.web.servlet.view.DefaultRequestToViewNameTranslator@1ed2c123
2026-08-11 15:22:46.991 [http-nio-8080-exec-6] DEBUG org.springframework.web.servlet.DispatcherServlet - Detected org.springframework.web.servlet.support.SessionFlashMapManager@d11db2
2026-08-11 15:22:46.992 [http-nio-8080-exec-6] DEBUG org.springframework.web.servlet.DispatcherServlet - enableLoggingRequestDetails='false': request parameters and headers will be masked to prevent unsafe logging of potentially sensitive data
2026-08-11 15:22:46.992 [http-nio-8080-exec-6] INFO  org.springframework.web.servlet.DispatcherServlet - Completed initialization in 2 ms
2026-08-11 15:22:47.003 [http-nio-8080-exec-6] WARN  org.springframework.web.servlet.handler.HandlerMappingIntrospector - Cache miss for REQUEST dispatch to '/mes/api/auth/login' (previous null). Performing CorsConfiguration lookup. This is logged once only at WARN level, and every time at TRACE.
2026-08-11 15:22:47.015 [http-nio-8080-exec-6] WARN  org.springframework.web.servlet.handler.HandlerMappingIntrospector - Cache miss for REQUEST dispatch to '/mes/api/auth/login' (previous null). Performing MatchableHandlerMapping lookup. This is logged once only at WARN level, and every time at TRACE.
2026-08-11 15:22:47.018 [http-nio-8080-exec-6] DEBUG org.springframework.web.servlet.DispatcherServlet - POST "/mes/api/auth/login", parameters={}
2026-08-11 15:22:47.020 [http-nio-8080-exec-6] DEBUG org.springframework.web.servlet.mvc.method.annotation.RequestMappingHandlerMapping - Mapped to mes.controller.AuthController#login(LoginDTO)
2026-08-11 15:22:47.080 [http-nio-8080-exec-6] DEBUG org.springframework.web.servlet.mvc.method.annotation.RequestResponseBodyMethodProcessor - Read "application/json;charset=UTF-8" to [LoginDTO(username=admin, password=123456)]
2026-08-11 15:22:47.086 [http-nio-8080-exec-6] INFO  mes.controller.AuthController - 用户尝试登录
2026-08-11 15:22:47.162 [http-nio-8080-exec-6] DEBUG org.mybatis.spring.SqlSessionUtils - Creating a new SqlSession
2026-08-11 15:22:47.169 [http-nio-8080-exec-6] DEBUG org.mybatis.spring.SqlSessionUtils - SqlSession [org.apache.ibatis.session.defaults.DefaultSqlSession@5bc84863] was not registered for synchronization because synchronization is not active
2026-08-11 15:22:47.181 [http-nio-8080-exec-6] DEBUG org.mybatis.spring.transaction.SpringManagedTransaction - JDBC Connection [ConnectionProxyImpl{connectedTime=2026-08-11 15:22:30.871, closeCount=0, lastValidateTimeMillis=2026-08-11 15:22:30.874}] will not be managed by Spring
2026-08-11 15:22:47.437 [http-nio-8080-exec-6] DEBUG org.mybatis.spring.SqlSessionUtils - Closing non transactional SqlSession [org.apache.ibatis.session.defaults.DefaultSqlSession@5bc84863]
2026-08-11 15:22:47.438 [http-nio-8080-exec-6] DEBUG org.mybatis.spring.SqlSessionUtils - Creating a new SqlSession
2026-08-11 15:22:47.438 [http-nio-8080-exec-6] DEBUG org.mybatis.spring.SqlSessionUtils - SqlSession [org.apache.ibatis.session.defaults.DefaultSqlSession@655fcace] was not registered for synchronization because synchronization is not active
2026-08-11 15:22:47.438 [http-nio-8080-exec-6] DEBUG org.mybatis.spring.transaction.SpringManagedTransaction - JDBC Connection [ConnectionProxyImpl{connectedTime=2026-08-11 15:22:30.871, closeCount=0, lastValidateTimeMillis=2026-08-11 15:22:30.874}] will not be managed by Spring
2026-08-11 15:22:47.446 [http-nio-8080-exec-6] DEBUG org.mybatis.spring.SqlSessionUtils - Closing non transactional SqlSession [org.apache.ibatis.session.defaults.DefaultSqlSession@655fcace]
2026-08-11 15:22:47.948 [http-nio-8080-exec-6] INFO  mes.service.impl.RedisTokenServiceImpl - Refresh 已经存入 redis userId: 86b0f84f-53d3-481a-9c8c-04f2ddf14d19
2026-08-11 15:22:47.948 [http-nio-8080-exec-6] INFO  mes.service.impl.AuthServiceImpl - 用户登录成功，返回token
2026-08-11 15:22:47.964 [http-nio-8080-exec-6] DEBUG org.springframework.web.servlet.mvc.method.annotation.RequestResponseBodyMethodProcessor - Using 'application/json', given [*/*] and supported [application/json, application/*+json]
2026-08-11 15:22:47.965 [http-nio-8080-exec-6] DEBUG org.springframework.web.servlet.mvc.method.annotation.RequestResponseBodyMethodProcessor - Writing [Result(code=200, msg=success, data={refreshToken=eyJhbGciOiJIUzI1NiJ9.eyJzdWIiOiI4NmIwZjg0Zi01M2QzLT (truncated)...]
2026-08-11 15:22:47.973 [http-nio-8080-exec-6] DEBUG org.springframework.web.servlet.DispatcherServlet - Completed 200 OK
2026-08-11 15:27:38.449 [http-nio-8080-exec-2] DEBUG org.springframework.web.servlet.DispatcherServlet - GET "/mes/test/hello", parameters={}
2026-08-11 15:27:38.449 [http-nio-8080-exec-2] DEBUG org.springframework.web.servlet.mvc.method.annotation.RequestMappingHandlerMapping - Mapped to mes.controller.testController#hello()
2026-08-11 15:27:38.450 [http-nio-8080-exec-2] DEBUG org.springframework.web.servlet.mvc.method.annotation.RequestResponseBodyMethodProcessor - Using 'text/plain', given [*/*] and supported [text/plain, */*, application/json, application/*+json]
2026-08-11 15:27:38.450 [http-nio-8080-exec-2] DEBUG org.springframework.web.servlet.mvc.method.annotation.RequestResponseBodyMethodProcessor - Writing ["hello world"]
2026-08-11 15:27:38.451 [http-nio-8080-exec-2] DEBUG org.springframework.web.servlet.DispatcherServlet - Completed 200 OK
2026-08-11 15:28:16.535 [http-nio-8080-exec-9] ERROR mes.util.JwtTokenProvider - jwt 验证失败
2026-08-11 15:37:21.543 [http-nio-8080-exec-6] DEBUG org.springframework.web.servlet.DispatcherServlet - GET "/mes/test/hello", parameters={}
2026-08-11 15:37:21.544 [http-nio-8080-exec-6] DEBUG org.springframework.web.servlet.mvc.method.annotation.RequestMappingHandlerMapping - Mapped to mes.controller.testController#hello()
2026-08-11 15:37:21.544 [http-nio-8080-exec-6] DEBUG org.springframework.web.servlet.mvc.method.annotation.RequestResponseBodyMethodProcessor - Using 'text/plain', given [*/*] and supported [text/plain, */*, application/json, application/*+json]
2026-08-11 15:37:21.544 [http-nio-8080-exec-6] DEBUG org.springframework.web.servlet.mvc.method.annotation.RequestResponseBodyMethodProcessor - Writing ["hello world"]
2026-08-11 15:37:21.545 [http-nio-8080-exec-6] DEBUG org.springframework.web.servlet.DispatcherServlet - Completed 200 OK
2026-08-11 15:37:26.811 [http-nio-8080-exec-3] ERROR mes.util.JwtTokenProvider - jwt 验证失败
2026-08-11 15:45:22.849 [background-preinit] INFO  org.hibernate.validator.internal.util.Version - HV000001: Hibernate Validator 8.0.1.Final
2026-08-11 15:45:22.888 [main] INFO  mes.Main - Starting Main using Java 21.0.10 with PID 17948 (C:\Users\g2026\Desktop\mes\java\mes\target\classes started by g2026 in C:\Users\g2026\Desktop\mes\java\mes)
2026-08-11 15:45:22.891 [main] INFO  mes.Main - The following 1 profile is active: "dev"
2026-08-11 15:45:23.671 [main] DEBUG org.mybatis.spring.boot.autoconfigure.MybatisAutoConfiguration - Searching for mappers annotated with @Mapper
2026-08-11 15:45:23.672 [main] DEBUG org.mybatis.spring.boot.autoconfigure.MybatisAutoConfiguration - Using auto-configuration base package 'mes'
2026-08-11 15:45:23.890 [main] DEBUG org.mybatis.spring.mapper.ClassPathMapperScanner - Identified candidate component class: file [C:\Users\g2026\Desktop\mes\java\mes\target\classes\mes\mapper\SysRoleMapper.class]
2026-08-11 15:45:23.890 [main] DEBUG org.mybatis.spring.mapper.ClassPathMapperScanner - Identified candidate component class: file [C:\Users\g2026\Desktop\mes\java\mes\target\classes\mes\mapper\SysUserMapper.class]
2026-08-11 15:45:23.891 [main] DEBUG org.mybatis.spring.mapper.ClassPathMapperScanner - Creating MapperFactoryBean with name 'sysRoleMapper' and 'mes.mapper.SysRoleMapper' mapperInterface
2026-08-11 15:45:23.892 [main] DEBUG org.mybatis.spring.mapper.ClassPathMapperScanner - Creating MapperFactoryBean with name 'sysUserMapper' and 'mes.mapper.SysUserMapper' mapperInterface
2026-08-11 15:45:24.473 [main] INFO  org.apache.coyote.http11.Http11NioProtocol - Initializing ProtocolHandler ["http-nio-8080"]
2026-08-11 15:45:24.474 [main] INFO  org.apache.catalina.core.StandardService - Starting service [Tomcat]
2026-08-11 15:45:24.474 [main] INFO  org.apache.catalina.core.StandardEngine - Starting Servlet engine: [Apache Tomcat/10.1.16]
2026-08-11 15:45:24.557 [main] INFO  org.apache.catalina.core.ContainerBase.[Tomcat].[localhost].[/mes] - Initializing Spring embedded WebApplicationContext
2026-08-11 15:45:25.560 [main] DEBUG org.mybatis.spring.SqlSessionFactoryBean - Property 'mapperLocations' was not specified.
2026-08-11 15:45:25.899 [main] DEBUG org.springframework.web.servlet.mvc.method.annotation.RequestMappingHandlerMapping - 5 mappings in 'requestMappingHandlerMapping'
2026-08-11 15:45:25.992 [main] DEBUG org.springframework.web.servlet.handler.SimpleUrlHandlerMapping - Patterns [/webjars/**, /**] in 'resourceHandlerMapping'
2026-08-11 15:45:26.120 [main] DEBUG org.springframework.web.servlet.mvc.method.annotation.RequestMappingHandlerAdapter - ControllerAdvice beans: 0 @ModelAttribute, 0 @InitBinder, 1 RequestBodyAdvice, 1 ResponseBodyAdvice
2026-08-11 15:45:26.167 [main] DEBUG org.springframework.web.servlet.mvc.method.annotation.ExceptionHandlerExceptionResolver - ControllerAdvice beans: 1 @ExceptionHandler, 1 ResponseBodyAdvice
2026-08-11 15:45:26.194 [main] DEBUG org.mybatis.spring.boot.autoconfigure.MybatisAutoConfiguration - Not found configuration for registering mapper bean using @MapperScan, MapperFactoryBean and MapperScannerConfigurer.
2026-08-11 15:45:26.415 [main] INFO  org.apache.coyote.http11.Http11NioProtocol - Starting ProtocolHandler ["http-nio-8080"]
2026-08-11 15:45:26.438 [main] INFO  mes.Main - Started Main in 3.932 seconds (process running for 5.378)
2026-08-11 15:45:34.108 [http-nio-8080-exec-1] INFO  org.apache.catalina.core.ContainerBase.[Tomcat].[localhost].[/mes] - Initializing Spring DispatcherServlet 'dispatcherServlet'
2026-08-11 15:45:34.108 [http-nio-8080-exec-1] INFO  org.springframework.web.servlet.DispatcherServlet - Initializing Servlet 'dispatcherServlet'
2026-08-11 15:45:34.108 [http-nio-8080-exec-1] DEBUG org.springframework.web.servlet.DispatcherServlet - Detected StandardServletMultipartResolver
2026-08-11 15:45:34.108 [http-nio-8080-exec-1] DEBUG org.springframework.web.servlet.DispatcherServlet - Detected FixedLocaleResolver
2026-08-11 15:45:34.108 [http-nio-8080-exec-1] DEBUG org.springframework.web.servlet.DispatcherServlet - Detected FixedThemeResolver
2026-08-11 15:45:34.109 [http-nio-8080-exec-1] DEBUG org.springframework.web.servlet.DispatcherServlet - Detected org.springframework.web.servlet.view.DefaultRequestToViewNameTranslator@685fb2a2
2026-08-11 15:45:34.109 [http-nio-8080-exec-1] DEBUG org.springframework.web.servlet.DispatcherServlet - Detected org.springframework.web.servlet.support.SessionFlashMapManager@5c79e006
2026-08-11 15:45:34.109 [http-nio-8080-exec-1] DEBUG org.springframework.web.servlet.DispatcherServlet - enableLoggingRequestDetails='false': request parameters and headers will be masked to prevent unsafe logging of potentially sensitive data
2026-08-11 15:45:34.109 [http-nio-8080-exec-1] INFO  org.springframework.web.servlet.DispatcherServlet - Completed initialization in 1 ms
2026-08-11 15:45:34.123 [http-nio-8080-exec-1] WARN  org.springframework.web.servlet.handler.HandlerMappingIntrospector - Cache miss for REQUEST dispatch to '/mes/test/hello' (previous null). Performing CorsConfiguration lookup. This is logged once only at WARN level, and every time at TRACE.
2026-08-11 15:45:34.689 [http-nio-8080-exec-1] WARN  org.springframework.web.servlet.handler.HandlerMappingIntrospector - Cache miss for REQUEST dispatch to '/mes/test/hello' (previous null). Performing MatchableHandlerMapping lookup. This is logged once only at WARN level, and every time at TRACE.
2026-08-11 15:45:34.692 [http-nio-8080-exec-1] DEBUG org.springframework.web.servlet.DispatcherServlet - GET "/mes/test/hello", parameters={}
2026-08-11 15:45:34.694 [http-nio-8080-exec-1] DEBUG org.springframework.web.servlet.mvc.method.annotation.RequestMappingHandlerMapping - Mapped to mes.controller.testController#hello()
2026-08-11 15:45:34.711 [http-nio-8080-exec-1] DEBUG org.springframework.web.servlet.mvc.method.annotation.RequestResponseBodyMethodProcessor - Using 'text/plain', given [*/*] and supported [text/plain, */*, application/json, application/*+json]
2026-08-11 15:45:34.712 [http-nio-8080-exec-1] DEBUG org.springframework.web.servlet.mvc.method.annotation.RequestResponseBodyMethodProcessor - Writing ["hello world"]
2026-08-11 15:45:34.717 [http-nio-8080-exec-1] DEBUG org.springframework.web.servlet.DispatcherServlet - Completed 200 OK
2026-08-11 15:45:40.865 [http-nio-8080-exec-3] ERROR mes.util.JwtTokenProvider - jwt 验证失败
2026-08-11 16:32:05.935 [background-preinit] INFO  org.hibernate.validator.internal.util.Version - HV000001: Hibernate Validator 8.0.1.Final
2026-08-11 16:32:05.972 [main] INFO  mes.Main - Starting Main using Java 21.0.10 with PID 13276 (C:\Users\g2026\Desktop\mes\java\mes\target\classes started by g2026 in C:\Users\g2026\Desktop\mes\java\mes)
2026-08-11 16:32:05.975 [main] INFO  mes.Main - The following 1 profile is active: "dev"
2026-08-11 16:32:06.693 [main] DEBUG org.mybatis.spring.boot.autoconfigure.MybatisAutoConfiguration - Searching for mappers annotated with @Mapper
2026-08-11 16:32:06.695 [main] DEBUG org.mybatis.spring.boot.autoconfigure.MybatisAutoConfiguration - Using auto-configuration base package 'mes'
2026-08-11 16:32:06.922 [main] DEBUG org.mybatis.spring.mapper.ClassPathMapperScanner - Identified candidate component class: file [C:\Users\g2026\Desktop\mes\java\mes\target\classes\mes\mapper\SysRoleMapper.class]
2026-08-11 16:32:06.922 [main] DEBUG org.mybatis.spring.mapper.ClassPathMapperScanner - Identified candidate component class: file [C:\Users\g2026\Desktop\mes\java\mes\target\classes\mes\mapper\SysUserMapper.class]
2026-08-11 16:32:06.923 [main] DEBUG org.mybatis.spring.mapper.ClassPathMapperScanner - Creating MapperFactoryBean with name 'sysRoleMapper' and 'mes.mapper.SysRoleMapper' mapperInterface
2026-08-11 16:32:06.925 [main] DEBUG org.mybatis.spring.mapper.ClassPathMapperScanner - Creating MapperFactoryBean with name 'sysUserMapper' and 'mes.mapper.SysUserMapper' mapperInterface
2026-08-11 16:32:07.548 [main] INFO  org.apache.coyote.http11.Http11NioProtocol - Initializing ProtocolHandler ["http-nio-8080"]
2026-08-11 16:32:07.549 [main] INFO  org.apache.catalina.core.StandardService - Starting service [Tomcat]
2026-08-11 16:32:07.549 [main] INFO  org.apache.catalina.core.StandardEngine - Starting Servlet engine: [Apache Tomcat/10.1.16]
2026-08-11 16:32:07.632 [main] INFO  org.apache.catalina.core.ContainerBase.[Tomcat].[localhost].[/mes] - Initializing Spring embedded WebApplicationContext
2026-08-11 16:32:08.065 [main] WARN  org.springframework.boot.web.servlet.context.AnnotationConfigServletWebServerApplicationContext - Exception encountered during context initialization - cancelling refresh attempt: org.springframework.beans.factory.UnsatisfiedDependencyException: Error creating bean with name 'securityConfig' defined in file [C:\Users\g2026\Desktop\mes\java\mes\target\classes\mes\config\SecurityConfig.class]: Unsatisfied dependency expressed through constructor parameter 2: No qualifying bean of type 'mes.security.JwtAuthenticationEntryPoint' available: expected at least 1 bean which qualifies as autowire candidate. Dependency annotations: {}
2026-08-11 16:32:08.080 [main] INFO  org.apache.catalina.core.StandardService - Stopping service [Tomcat]
2026-08-11 16:32:08.124 [main] ERROR org.springframework.boot.diagnostics.LoggingFailureAnalysisReporter - 

***************************
APPLICATION FAILED TO START
***************************

Description:

Parameter 2 of constructor in mes.config.SecurityConfig required a bean of type 'mes.security.JwtAuthenticationEntryPoint' that could not be found.


Action:

Consider defining a bean of type 'mes.security.JwtAuthenticationEntryPoint' in your configuration.

2026-08-11 16:33:25.153 [background-preinit] INFO  org.hibernate.validator.internal.util.Version - HV000001: Hibernate Validator 8.0.1.Final
2026-08-11 16:33:25.187 [main] INFO  mes.Main - Starting Main using Java 21.0.10 with PID 19308 (C:\Users\g2026\Desktop\mes\java\mes\target\classes started by g2026 in C:\Users\g2026\Desktop\mes\java\mes)
2026-08-11 16:33:25.190 [main] INFO  mes.Main - The following 1 profile is active: "dev"
2026-08-11 16:33:25.915 [main] DEBUG org.mybatis.spring.boot.autoconfigure.MybatisAutoConfiguration - Searching for mappers annotated with @Mapper
2026-08-11 16:33:25.917 [main] DEBUG org.mybatis.spring.boot.autoconfigure.MybatisAutoConfiguration - Using auto-configuration base package 'mes'
2026-08-11 16:33:26.142 [main] DEBUG org.mybatis.spring.mapper.ClassPathMapperScanner - Identified candidate component class: file [C:\Users\g2026\Desktop\mes\java\mes\target\classes\mes\mapper\SysRoleMapper.class]
2026-08-11 16:33:26.142 [main] DEBUG org.mybatis.spring.mapper.ClassPathMapperScanner - Identified candidate component class: file [C:\Users\g2026\Desktop\mes\java\mes\target\classes\mes\mapper\SysUserMapper.class]
2026-08-11 16:33:26.144 [main] DEBUG org.mybatis.spring.mapper.ClassPathMapperScanner - Creating MapperFactoryBean with name 'sysRoleMapper' and 'mes.mapper.SysRoleMapper' mapperInterface
2026-08-11 16:33:26.145 [main] DEBUG org.mybatis.spring.mapper.ClassPathMapperScanner - Creating MapperFactoryBean with name 'sysUserMapper' and 'mes.mapper.SysUserMapper' mapperInterface
2026-08-11 16:33:26.712 [main] INFO  org.apache.coyote.http11.Http11NioProtocol - Initializing ProtocolHandler ["http-nio-8080"]
2026-08-11 16:33:26.713 [main] INFO  org.apache.catalina.core.StandardService - Starting service [Tomcat]
2026-08-11 16:33:26.713 [main] INFO  org.apache.catalina.core.StandardEngine - Starting Servlet engine: [Apache Tomcat/10.1.16]
2026-08-11 16:33:26.792 [main] INFO  org.apache.catalina.core.ContainerBase.[Tomcat].[localhost].[/mes] - Initializing Spring embedded WebApplicationContext
2026-08-11 16:33:27.794 [main] DEBUG org.mybatis.spring.SqlSessionFactoryBean - Property 'mapperLocations' was not specified.
2026-08-11 16:33:28.111 [main] DEBUG org.springframework.web.servlet.mvc.method.annotation.RequestMappingHandlerMapping - 5 mappings in 'requestMappingHandlerMapping'
2026-08-11 16:33:28.201 [main] DEBUG org.springframework.web.servlet.handler.SimpleUrlHandlerMapping - Patterns [/webjars/**, /**] in 'resourceHandlerMapping'
2026-08-11 16:33:28.327 [main] DEBUG org.springframework.web.servlet.mvc.method.annotation.RequestMappingHandlerAdapter - ControllerAdvice beans: 0 @ModelAttribute, 0 @InitBinder, 1 RequestBodyAdvice, 1 ResponseBodyAdvice
2026-08-11 16:33:28.362 [main] DEBUG org.springframework.web.servlet.mvc.method.annotation.ExceptionHandlerExceptionResolver - ControllerAdvice beans: 1 @ExceptionHandler, 1 ResponseBodyAdvice
2026-08-11 16:33:28.380 [main] DEBUG org.mybatis.spring.boot.autoconfigure.MybatisAutoConfiguration - Not found configuration for registering mapper bean using @MapperScan, MapperFactoryBean and MapperScannerConfigurer.
2026-08-11 16:33:28.612 [main] INFO  org.apache.coyote.http11.Http11NioProtocol - Starting ProtocolHandler ["http-nio-8080"]
2026-08-11 16:33:28.639 [main] INFO  mes.Main - Started Main in 3.849 seconds (process running for 5.044)
2026-08-11 16:33:38.733 [http-nio-8080-exec-2] INFO  org.apache.catalina.core.ContainerBase.[Tomcat].[localhost].[/mes] - Initializing Spring DispatcherServlet 'dispatcherServlet'
2026-08-11 16:33:38.733 [http-nio-8080-exec-2] INFO  org.springframework.web.servlet.DispatcherServlet - Initializing Servlet 'dispatcherServlet'
2026-08-11 16:33:38.733 [http-nio-8080-exec-2] DEBUG org.springframework.web.servlet.DispatcherServlet - Detected StandardServletMultipartResolver
2026-08-11 16:33:38.733 [http-nio-8080-exec-2] DEBUG org.springframework.web.servlet.DispatcherServlet - Detected FixedLocaleResolver
2026-08-11 16:33:38.733 [http-nio-8080-exec-2] DEBUG org.springframework.web.servlet.DispatcherServlet - Detected FixedThemeResolver
2026-08-11 16:33:38.734 [http-nio-8080-exec-2] DEBUG org.springframework.web.servlet.DispatcherServlet - Detected org.springframework.web.servlet.view.DefaultRequestToViewNameTranslator@3df472f9
2026-08-11 16:33:38.734 [http-nio-8080-exec-2] DEBUG org.springframework.web.servlet.DispatcherServlet - Detected org.springframework.web.servlet.support.SessionFlashMapManager@3638cb79
2026-08-11 16:33:38.734 [http-nio-8080-exec-2] DEBUG org.springframework.web.servlet.DispatcherServlet - enableLoggingRequestDetails='false': request parameters and headers will be masked to prevent unsafe logging of potentially sensitive data
2026-08-11 16:33:38.734 [http-nio-8080-exec-2] INFO  org.springframework.web.servlet.DispatcherServlet - Completed initialization in 1 ms
2026-08-11 16:33:38.746 [http-nio-8080-exec-2] WARN  org.springframework.web.servlet.handler.HandlerMappingIntrospector - Cache miss for REQUEST dispatch to '/mes/test/hello' (previous null). Performing CorsConfiguration lookup. This is logged once only at WARN level, and every time at TRACE.
2026-08-11 16:33:38.857 [http-nio-8080-exec-2] ERROR mes.util.JwtTokenProvider - jwt 已经过期
2026-08-11 16:33:38.860 [http-nio-8080-exec-2] WARN  org.springframework.web.servlet.handler.HandlerMappingIntrospector - Cache miss for REQUEST dispatch to '/mes/test/hello' (previous null). Performing MatchableHandlerMapping lookup. This is logged once only at WARN level, and every time at TRACE.
2026-08-11 16:33:44.948 [http-nio-8080-exec-3] DEBUG org.springframework.web.servlet.DispatcherServlet - POST "/mes/api/auth/login", parameters={}
2026-08-11 16:33:44.950 [http-nio-8080-exec-3] DEBUG org.springframework.web.servlet.mvc.method.annotation.RequestMappingHandlerMapping - Mapped to mes.controller.AuthController#login(LoginDTO)
2026-08-11 16:33:44.997 [http-nio-8080-exec-3] DEBUG org.springframework.web.servlet.mvc.method.annotation.RequestResponseBodyMethodProcessor - Read "application/json;charset=UTF-8" to [LoginDTO(username=admin, password=123456)]
2026-08-11 16:33:45.003 [http-nio-8080-exec-3] INFO  mes.controller.AuthController - 用户尝试登录
2026-08-11 16:33:45.080 [http-nio-8080-exec-3] DEBUG org.mybatis.spring.SqlSessionUtils - Creating a new SqlSession
2026-08-11 16:33:45.087 [http-nio-8080-exec-3] DEBUG org.mybatis.spring.SqlSessionUtils - SqlSession [org.apache.ibatis.session.defaults.DefaultSqlSession@66eabe11] was not registered for synchronization because synchronization is not active
2026-08-11 16:33:45.100 [http-nio-8080-exec-3] DEBUG org.mybatis.spring.transaction.SpringManagedTransaction - JDBC Connection [ConnectionProxyImpl{connectedTime=2026-08-11 16:33:27.677, closeCount=0, lastValidateTimeMillis=2026-08-11 16:33:27.679}] will not be managed by Spring
2026-08-11 16:33:45.317 [http-nio-8080-exec-3] DEBUG org.mybatis.spring.SqlSessionUtils - Closing non transactional SqlSession [org.apache.ibatis.session.defaults.DefaultSqlSession@66eabe11]
2026-08-11 16:33:45.318 [http-nio-8080-exec-3] DEBUG org.mybatis.spring.SqlSessionUtils - Creating a new SqlSession
2026-08-11 16:33:45.318 [http-nio-8080-exec-3] DEBUG org.mybatis.spring.SqlSessionUtils - SqlSession [org.apache.ibatis.session.defaults.DefaultSqlSession@2999bcc1] was not registered for synchronization because synchronization is not active
2026-08-11 16:33:45.318 [http-nio-8080-exec-3] DEBUG org.mybatis.spring.transaction.SpringManagedTransaction - JDBC Connection [ConnectionProxyImpl{connectedTime=2026-08-11 16:33:27.677, closeCount=0, lastValidateTimeMillis=2026-08-11 16:33:27.679}] will not be managed by Spring
2026-08-11 16:33:45.326 [http-nio-8080-exec-3] DEBUG org.mybatis.spring.SqlSessionUtils - Closing non transactional SqlSession [org.apache.ibatis.session.defaults.DefaultSqlSession@2999bcc1]
2026-08-11 16:33:45.835 [http-nio-8080-exec-3] INFO  mes.service.impl.RedisTokenServiceImpl - Refresh 已经存入 redis userId: 86b0f84f-53d3-481a-9c8c-04f2ddf14d19
2026-08-11 16:33:45.835 [http-nio-8080-exec-3] INFO  mes.service.impl.AuthServiceImpl - 用户登录成功，返回token
2026-08-11 16:33:45.851 [http-nio-8080-exec-3] DEBUG org.springframework.web.servlet.mvc.method.annotation.RequestResponseBodyMethodProcessor - Using 'application/json', given [*/*] and supported [application/json, application/*+json]
2026-08-11 16:33:45.851 [http-nio-8080-exec-3] DEBUG org.springframework.web.servlet.mvc.method.annotation.RequestResponseBodyMethodProcessor - Writing [Result(code=200, msg=success, data={accessToken=eyJhbGciOiJIUzI1NiJ9.eyJzdWIiOiI4NmIwZjg0Zi01M2QzLTQ (truncated)...]
2026-08-11 16:33:45.857 [http-nio-8080-exec-3] DEBUG org.springframework.web.servlet.DispatcherServlet - Completed 200 OK
2026-08-11 16:34:00.375 [http-nio-8080-exec-5] DEBUG org.springframework.web.servlet.DispatcherServlet - GET "/mes/test/hello", parameters={}
2026-08-11 16:34:00.375 [http-nio-8080-exec-5] DEBUG org.springframework.web.servlet.mvc.method.annotation.RequestMappingHandlerMapping - Mapped to mes.controller.testController#hello()
2026-08-11 16:34:00.376 [http-nio-8080-exec-5] DEBUG org.springframework.web.servlet.mvc.method.annotation.RequestResponseBodyMethodProcessor - Using 'text/plain', given [*/*] and supported [text/plain, */*, application/json, application/*+json]
2026-08-11 16:34:00.377 [http-nio-8080-exec-5] DEBUG org.springframework.web.servlet.mvc.method.annotation.RequestResponseBodyMethodProcessor - Writing ["hello world"]
2026-08-11 16:34:00.377 [http-nio-8080-exec-5] DEBUG org.springframework.web.servlet.DispatcherServlet - Completed 200 OK
